This is pdfTeX, Version 3.141592653-2.6-1.40.28 (TeX Live 2025) (preloaded format=pdflatex 2026.1.28)  1 FEB 2026 17:26
entering extended mode
 restricted \write18 enabled.
 file:line:error style messages enabled.
 %&-line parsing enabled.
**/home/janos/projekts/cheatsheets/visComp/visual_computing.tex
(/home/janos/projekts/cheatsheets/visComp/visual_computing.tex
LaTeX2e <2025-11-01>
L3 programming layer <2026-01-19>
(/usr/local/texlive/2025/texmf-dist/tex/latex/base/article.cls
Document Class: article 2025/01/22 v1.4n Standard LaTeX document class
(/usr/local/texlive/2025/texmf-dist/tex/latex/base/size10.clo
File: size10.clo 2025/01/22 v1.4n Standard LaTeX file (size option)
)
\c@part=\count275
\c@section=\count276
\c@subsection=\count277
\c@subsubsection=\count278
\c@paragraph=\count279
\c@subparagraph=\count280
\c@figure=\count281
\c@table=\count282
\abovecaptionskip=\skip49
\belowcaptionskip=\skip50
\bibindent=\dimen148
) (/usr/local/texlive/2025/texmf-dist/tex/latex/base/inputenc.sty
Package: inputenc 2024/02/08 v1.3d Input encoding file
\inpenc@prehook=\toks17
\inpenc@posthook=\toks18
) (/usr/local/texlive/2025/texmf-dist/tex/generic/babel/babel.sty
Package: babel 2026/01/26 v26.2 The multilingual framework for LuaLaTeX, pdfLaTeX and XeLaTeX
\babel@savecnt=\count283
LaTeX Encoding Info:    Redeclaring text command \ij (encoding OT1) on input line 2078.
LaTeX Encoding Info:    Redeclaring text command \IJ (encoding OT1) on input line 2080.
LaTeX Encoding Info:    Redeclaring text command \ij (encoding T1) on input line 2082.
LaTeX Encoding Info:    Redeclaring text command \IJ (encoding T1) on input line 2083.
LaTeX Encoding Info:    Ignoring declaration for text command \ij (encoding ?) on input line 2084.
LaTeX Encoding Info:    Ignoring declaration for text command \IJ (encoding ?) on input line 2086.
LaTeX Encoding Info:    Ignoring declaration for text command \SS (encoding ?) on input line 2111.
\U@D=\dimen149
\l@unhyphenated=\language90
 (/usr/local/texlive/2025/texmf-dist/tex/generic/babel/txtbabel.def)
\bbl@readstream=\read2
\bbl@dirlevel=\count284
 (/usr/local/texlive/2025/texmf-dist/tex/generic/babel/locale/invalid/babel-nswissgerman.tex)
Package babel Info: Importing font and identification data for nswissgerman
(babel)             from babel-de-CH.ini. Reported on input line 4330.
 (/usr/local/texlive/2025/texmf-dist/tex/generic/babel-german/nswissgerman.ldf
Language: swissgerman 
 (/usr/local/texlive/2025/texmf-dist/tex/generic/babel-german/babel-german.def
Package babel Info: Hyphen rules for 'nswissgerman' set to \l@ngerman
(babel)             (\language35). Reported on input line 204.
Package babel Info: Making " an active character on input line 459.
))) (/usr/local/texlive/2025/texmf-dist/tex/latex/koma-script/scrextend.sty
Package: scrextend 2025/12/01 v3.49 KOMA-Script package (extend other classes with features of KOMA-Script classes)
 (/usr/local/texlive/2025/texmf-dist/tex/latex/koma-script/scrkbase.sty
Package: scrkbase 2025/12/01 v3.49 KOMA-Script package (KOMA-Script-dependent basics and keyval usage)
 (/usr/local/texlive/2025/texmf-dist/tex/latex/koma-script/scrbase.sty
Package: scrbase 2025/12/01 v3.49 KOMA-Script package (KOMA-Script-independent basics and keyval usage)
 (/usr/local/texlive/2025/texmf-dist/tex/latex/koma-script/scrlfile.sty
Package: scrlfile 2025/12/01 v3.49 KOMA-Script package (file load hooks)
 (/usr/local/texlive/2025/texmf-dist/tex/latex/koma-script/scrlfile-hook.sty
Package: scrlfile-hook 2025/12/01 v3.49 KOMA-Script package (using LaTeX hooks)
 (/usr/local/texlive/2025/texmf-dist/tex/latex/koma-script/scrlogo.sty
Package: scrlogo 2025/12/01 v3.49 KOMA-Script package (logo)
))) (/usr/local/texlive/2025/texmf-dist/tex/latex/graphics/keyval.sty
Package: keyval 2022/05/29 v1.15 key=value parser (DPC)
\KV@toks@=\toks19
)
Applying: [2021/05/01] Usage of raw or classic option list on input line 254.
Already applied: [0000/00/00] Usage of raw or classic option list on input line 370.
))) (/usr/local/texlive/2025/texmf-dist/tex/latex/lipsum/lipsum.sty (/usr/local/texlive/2025/texmf-dist/tex/latex/l3packages/l3keys2e/l3keys2e.sty (/usr/local/texlive/2025/texmf-dist/tex/latex/l3kernel/expl3.sty
Package: expl3 2026-01-19 L3 programming layer (loader) 
 (/usr/local/texlive/2025/texmf-dist/tex/latex/l3backend/l3backend-pdftex.def
File: l3backend-pdftex.def 2025-10-09 L3 backend support: PDF output (pdfTeX)
\l__color_backend_stack_int=\count285
))
Package: l3keys2e 2025-10-09 LaTeX2e option processing using LaTeX3 keys
)
Package: lipsum 2021-09-20 v2.7 150 paragraphs of Lorem Ipsum dummy text
\g__lipsum_par_int=\count286
\l__lipsum_a_int=\count287
\l__lipsum_b_int=\count288
 (/usr/local/texlive/2025/texmf-dist/tex/latex/lipsum/lipsum.ltd.tex)) (/usr/local/texlive/2025/texmf-dist/tex/latex/gauss/gauss.sty
Package: gauss 2003/01/14
 (/usr/local/texlive/2025/texmf-dist/tex/latex/amsmath/amsmath.sty
Package: amsmath 2025/07/09 v2.17z AMS math features
\@mathmargin=\skip51

For additional information on amsmath, use the `?' option.
(/usr/local/texlive/2025/texmf-dist/tex/latex/amsmath/amstext.sty
Package: amstext 2024/11/17 v2.01 AMS text
 (/usr/local/texlive/2025/texmf-dist/tex/latex/amsmath/amsgen.sty
File: amsgen.sty 1999/11/30 v2.0 generic functions
\@emptytoks=\toks20
\ex@=\dimen150
)) (/usr/local/texlive/2025/texmf-dist/tex/latex/amsmath/amsbsy.sty
Package: amsbsy 1999/11/29 v1.2d Bold Symbols
\pmbraise@=\dimen151
) (/usr/local/texlive/2025/texmf-dist/tex/latex/amsmath/amsopn.sty
Package: amsopn 2022/04/08 v2.04 operator names
)
\inf@bad=\count289
LaTeX Info: Redefining \frac on input line 233.
\uproot@=\count290
\leftroot@=\count291
LaTeX Info: Redefining \overline on input line 398.
LaTeX Info: Redefining \colon on input line 409.
\classnum@=\count292
\DOTSCASE@=\count293
LaTeX Info: Redefining \ldots on input line 495.
LaTeX Info: Redefining \dots on input line 498.
LaTeX Info: Redefining \cdots on input line 619.
\Mathstrutbox@=\box53
\strutbox@=\box54
LaTeX Info: Redefining \big on input line 721.
LaTeX Info: Redefining \Big on input line 722.
LaTeX Info: Redefining \bigg on input line 723.
LaTeX Info: Redefining \Bigg on input line 724.
\big@size=\dimen152
LaTeX Font Info:    Redeclaring font encoding OML on input line 742.
LaTeX Font Info:    Redeclaring font encoding OMS on input line 743.
\macc@depth=\count294
LaTeX Info: Redefining \bmod on input line 904.
LaTeX Info: Redefining \pmod on input line 909.
LaTeX Info: Redefining \smash on input line 939.
LaTeX Info: Redefining \relbar on input line 969.
LaTeX Info: Redefining \Relbar on input line 970.
\c@MaxMatrixCols=\count295
\dotsspace@=\muskip17
\c@parentequation=\count296
\dspbrk@lvl=\count297
\tag@help=\toks21
\row@=\count298
\column@=\count299
\maxfields@=\count300
\andhelp@=\toks22
\eqnshift@=\dimen153
\alignsep@=\dimen154
\tagshift@=\dimen155
\tagwidth@=\dimen156
\totwidth@=\dimen157
\lineht@=\dimen158
\@envbody=\toks23
\multlinegap=\skip52
\multlinetaggap=\skip53
\mathdisplay@stack=\toks24
LaTeX Info: Redefining \[ on input line 2950.
LaTeX Info: Redefining \] on input line 2951.
)
\g@trash=\box55
\g@matrixbox=\box56
\g@eastbox=\box57
\g@northbox=\box58
\g@label=\box59
\g@b@tmp=\box60
\g@b@tmpa=\box61
\g@b@tmpb=\box62
\g@maxrow=\count301
\g@maxcol=\count302
\g@maxrow@old=\count303
\g@maxcol@old=\count304
\g@c@tmp=\count305
\g@c@tmpa=\count306
\g@axisHeight=\dimen159
\g@linethickness=\dimen160
\g@tab=\dimen161
\g@arrowht=\dimen162
\g@arrowwd=\dimen163
\g@d@tmp=\dimen164
\g@d@tmpa=\dimen165
\g@d@tmpb=\dimen166
\g@d@tmpc=\dimen167
\g@d@tmpd=\dimen168
\g@d@tmpe=\dimen169
\g@loopCount=\count307
\g@loopEnd=\count308
\g@loopStep=\count309
\colarrowsep=\dimen170
\rowarrowsep=\dimen171
\opskip=\dimen172
\labelskip=\dimen173
\colopminsize=\dimen174
\rowopminsize=\dimen175
) (/usr/local/texlive/2025/texmf-dist/tex/latex/amsfonts/amssymb.sty
Package: amssymb 2013/01/14 v3.01 AMS font symbols
 (/usr/local/texlive/2025/texmf-dist/tex/latex/amsfonts/amsfonts.sty
Package: amsfonts 2013/01/14 v3.01 Basic AMSFonts support
\symAMSa=\mathgroup4
\symAMSb=\mathgroup5
LaTeX Font Info:    Redeclaring math symbol \hbar on input line 98.
LaTeX Font Info:    Overwriting math alphabet `\mathfrak' in version `bold'
(Font)                  U/euf/m/n --> U/euf/b/n on input line 106.
)) (/usr/local/texlive/2025/texmf-dist/tex/latex/bookmark/bookmark.sty
Package: bookmark 2023-12-10 v1.31 PDF bookmarks (HO)
 (/usr/local/texlive/2025/texmf-dist/tex/latex/hyperref/hyperref.sty
Package: hyperref 2025-07-12 v7.01o Hypertext links for LaTeX
 (/usr/local/texlive/2025/texmf-dist/tex/generic/iftex/iftex.sty
Package: iftex 2024/12/12 v1.0g TeX engine tests
) (/usr/local/texlive/2025/texmf-dist/tex/latex/kvsetkeys/kvsetkeys.sty
Package: kvsetkeys 2022-10-05 v1.19 Key value parser (HO)
) (/usr/local/texlive/2025/texmf-dist/tex/generic/kvdefinekeys/kvdefinekeys.sty
Package: kvdefinekeys 2019-12-19 v1.6 Define keys (HO)
) (/usr/local/texlive/2025/texmf-dist/tex/generic/pdfescape/pdfescape.sty
Package: pdfescape 2019/12/09 v1.15 Implements pdfTeX's escape features (HO)
 (/usr/local/texlive/2025/texmf-dist/tex/generic/ltxcmds/ltxcmds.sty
Package: ltxcmds 2023-12-04 v1.26 LaTeX kernel commands for general use (HO)
) (/usr/local/texlive/2025/texmf-dist/tex/generic/pdftexcmds/pdftexcmds.sty
Package: pdftexcmds 2020-06-27 v0.33 Utility functions of pdfTeX for LuaTeX (HO)
 (/usr/local/texlive/2025/texmf-dist/tex/generic/infwarerr/infwarerr.sty
Package: infwarerr 2019/12/03 v1.5 Providing info/warning/error messages (HO)
)
Package pdftexcmds Info: \pdf@primitive is available.
Package pdftexcmds Info: \pdf@ifprimitive is available.
Package pdftexcmds Info: \pdfdraftmode found.
)) (/usr/local/texlive/2025/texmf-dist/tex/latex/hycolor/hycolor.sty
Package: hycolor 2020-01-27 v1.10 Color options for hyperref/bookmark (HO)
) (/usr/local/texlive/2025/texmf-dist/tex/latex/hyperref/nameref.sty
Package: nameref 2025-06-21 v2.57 Cross-referencing by name of section
 (/usr/local/texlive/2025/texmf-dist/tex/latex/refcount/refcount.sty
Package: refcount 2019/12/15 v3.6 Data extraction from label references (HO)
) (/usr/local/texlive/2025/texmf-dist/tex/generic/gettitlestring/gettitlestring.sty
Package: gettitlestring 2019/12/15 v1.6 Cleanup title references (HO)
 (/usr/local/texlive/2025/texmf-dist/tex/latex/kvoptions/kvoptions.sty
Package: kvoptions 2022-06-15 v3.15 Key value format for package options (HO)
))
\c@section@level=\count310
) (/usr/local/texlive/2025/texmf-dist/tex/latex/etoolbox/etoolbox.sty
Package: etoolbox 2025/10/02 v2.5m e-TeX tools for LaTeX (JAW)
\etb@tempcnta=\count311
) (/usr/local/texlive/2025/texmf-dist/tex/generic/stringenc/stringenc.sty
Package: stringenc 2019/11/29 v1.12 Convert strings between diff. encodings (HO)
)
\@linkdim=\dimen176
\Hy@linkcounter=\count312
\Hy@pagecounter=\count313
 (/usr/local/texlive/2025/texmf-dist/tex/latex/hyperref/pd1enc.def
File: pd1enc.def 2025-07-12 v7.01o Hyperref: PDFDocEncoding definition (HO)
Now handling font encoding PD1 ...
... no UTF-8 mapping file for font encoding PD1
) (/usr/local/texlive/2025/texmf-dist/tex/generic/intcalc/intcalc.sty
Package: intcalc 2019/12/15 v1.3 Expandable calculations with integers (HO)
)
\Hy@SavedSpaceFactor=\count314
 (/usr/local/texlive/2025/texmf-dist/tex/latex/hyperref/puenc.def
File: puenc.def 2025-07-12 v7.01o Hyperref: PDF Unicode definition (HO)
Now handling font encoding PU ...
... no UTF-8 mapping file for font encoding PU
)
Package hyperref Info: Hyper figures OFF on input line 4195.
Package hyperref Info: Link nesting OFF on input line 4200.
Package hyperref Info: Hyper index ON on input line 4203.
Package hyperref Info: Plain pages OFF on input line 4210.
Package hyperref Info: Backreferencing OFF on input line 4215.
Package hyperref Info: Implicit mode ON; LaTeX internals redefined.
Package hyperref Info: Bookmarks ON on input line 4462.
\c@Hy@tempcnt=\count315
 (/usr/local/texlive/2025/texmf-dist/tex/latex/url/url.sty
\Urlmuskip=\muskip18
Package: url 2013/09/16  ver 3.4  Verb mode for urls, etc.
)
LaTeX Info: Redefining \url on input line 4801.
\XeTeXLinkMargin=\dimen177
 (/usr/local/texlive/2025/texmf-dist/tex/generic/bitset/bitset.sty
Package: bitset 2019/12/09 v1.3 Handle bit-vector datatype (HO)
 (/usr/local/texlive/2025/texmf-dist/tex/generic/bigintcalc/bigintcalc.sty
Package: bigintcalc 2019/12/15 v1.5 Expandable calculations on big integers (HO)
))
\Fld@menulength=\count316
\Field@Width=\dimen178
\Fld@charsize=\dimen179
Package hyperref Info: Hyper figures OFF on input line 6078.
Package hyperref Info: Link nesting OFF on input line 6083.
Package hyperref Info: Hyper index ON on input line 6086.
Package hyperref Info: backreferencing OFF on input line 6093.
Package hyperref Info: Link coloring OFF on input line 6098.
Package hyperref Info: Link coloring with OCG OFF on input line 6103.
Package hyperref Info: PDF/A mode OFF on input line 6108.
\Hy@abspage=\count317
\c@Item=\count318
\c@Hfootnote=\count319
)
Package hyperref Info: Driver (autodetected): hpdftex.
 (/usr/local/texlive/2025/texmf-dist/tex/latex/hyperref/hpdftex.def
File: hpdftex.def 2025-07-12 v7.01o Hyperref driver for pdfTeX
\Fld@listcount=\count320
\c@bookmark@seq@number=\count321
 (/usr/local/texlive/2025/texmf-dist/tex/latex/rerunfilecheck/rerunfilecheck.sty
Package: rerunfilecheck 2025-06-21 v1.11 Rerun checks for auxiliary files (HO)
 (/usr/local/texlive/2025/texmf-dist/tex/generic/uniquecounter/uniquecounter.sty
Package: uniquecounter 2019/12/15 v1.4 Provide unlimited unique counter (HO)
)
Package uniquecounter Info: New unique counter `rerunfilecheck' on input line 284.
)
\Hy@SectionHShift=\skip54
) (/usr/local/texlive/2025/texmf-dist/tex/latex/bookmark/bkm-pdftex.def
File: bkm-pdftex.def 2023-12-10 v1.31 bookmark driver for pdfTeX and luaTeX (HO)
\BKM@id=\count322
)) (/usr/local/texlive/2025/texmf-dist/tex/latex/geometry/geometry.sty
Package: geometry 2020/01/02 v5.9 Page Geometry
 (/usr/local/texlive/2025/texmf-dist/tex/generic/iftex/ifvtex.sty
Package: ifvtex 2019/10/25 v1.7 ifvtex legacy package. Use iftex instead.
)
\Gm@cnth=\count323
\Gm@cntv=\count324
\c@Gm@tempcnt=\count325
\Gm@bindingoffset=\dimen180
\Gm@wd@mp=\dimen181
\Gm@odd@mp=\dimen182
\Gm@even@mp=\dimen183
\Gm@layoutwidth=\dimen184
\Gm@layoutheight=\dimen185
\Gm@layouthoffset=\dimen186
\Gm@layoutvoffset=\dimen187
\Gm@dimlist=\toks25
) (/usr/local/texlive/2025/texmf-dist/tex/latex/flowfram/flowfram.sty
Package: flowfram 2025/11/24 v2.0 (NLCT)
 (/usr/local/texlive/2025/texmf-dist/tex/latex/graphics/graphics.sty
Package: graphics 2024/08/06 v1.4g Standard LaTeX Graphics (DPC,SPQR)
 (/usr/local/texlive/2025/texmf-dist/tex/latex/graphics/trig.sty
Package: trig 2023/12/02 v1.11 sin cos tan (DPC)
) (/usr/local/texlive/2025/texmf-dist/tex/latex/graphics-cfg/graphics.cfg
File: graphics.cfg 2016/06/04 v1.11 sample graphics configuration
)
Package graphics Info: Driver file: pdftex.def on input line 106.
 (/usr/local/texlive/2025/texmf-dist/tex/latex/graphics-def/pdftex.def
File: pdftex.def 2025/09/29 v1.2d Graphics/color driver for pdftex
)) (/usr/local/texlive/2025/texmf-dist/tex/latex/tools/afterpage.sty
Package: afterpage 2023/07/04 v1.08 After-Page Package (DPC)
\AP@output=\toks26
\AP@partial=\box63
\AP@footins=\box64
)
\fflabelsep=\skip55
\c@absolutepage=\count326
\c_flowfram_max_page_int=\count327
 (/usr/local/texlive/2025/texmf-dist/tex/latex/graphics/color.sty
Package: color 2025/01/14 v1.3e Standard LaTeX Color (DPC)
 (/usr/local/texlive/2025/texmf-dist/tex/latex/graphics-cfg/color.cfg
File: color.cfg 2016/01/02 v1.6 sample color configuration
)
Package color Info: Driver file: pdftex.def on input line 149.
 (/usr/local/texlive/2025/texmf-dist/tex/latex/graphics/mathcolor.ltx))
\typeblockwidth=\skip56
\typeblockheight=\skip57
\typeblockoffsety=\skip58
\c@maxflow=\count328
\c@thisframe=\count329
\c@displayedframe=\count330
\c@maxstatic=\count331
\c@maxdynamic=\count332
\l__flowfram_current_frame_int=\count333
\l__flowfram_current_abspage_int=\count334
\l__flowfram_current_static_int=\count335
\l__flowfram_current_dynamic_int=\count336
\l__flowfram_col_int=\count337
\l__flowfram_tmpa_int=\count338
\l__flowfram_tmpb_int=\count339
\l__flowfram_id_int=\count340
\l__flowfram_id_ii_int=\count341
\l__flowfram_type_int=\count342
\l__flowfram_type_ii_int=\count343
\l__flowfram_range_start_int=\count344
\l__flowfram_range_end_int=\count345
\l__flowfram_shape_int=\count346
\l__flowfram_tmpa_dim=\dimen188
\l__flowfram_tmpb_dim=\dimen189
\l__flowfram_sfdf_height_dim=\dimen190
\l__flowfram_sfdf_width_dim=\dimen191
\l__flowfram_x_dim=\dimen192
\l__flowfram_evenx_dim=\dimen193
\l__flowfram_y_dim=\dimen194
\l__flowfram_eveny_dim=\dimen195
\l__flowfram_width_dim=\dimen196
\l__flowfram_height_dim=\dimen197
\l__flowfram_offset_dim=\dimen198
\sdfparindent=\skip59
\g__flowfram_html_opts_int=\count347
\flowframesep=\skip60
\flowframerule=\skip61
\staticframe=\box65
\ffareawidth=\skip62
\ffareaheight=\skip63
\ffareax=\skip64
\ffareay=\skip65
\ffareaevenx=\skip66
\ffareaeveny=\skip67
\fftolerance=\skip68
\g__flowfram_saved_thisframe_int=\count348
\g__flowfram_dynamic_header_int=\count349
\g__flowfram_dynamic_even_header_int=\count350
\g__flowfram_dynamic_footer_int=\count351
\g__flowfram_dynamic_even_footer_int=\count352
\g__flowfram_current_page_int=\count353
\l__all_content_box=\box66
\l__all_content_height_dim=\dimen199
\g__flowfram_next_frame_int=\count354
\vcolumnsep=\skip69
\l__flowfram_adjust_height_int=\count355
\l__flowfram_this_strip_int=\count356
\ffcolumnseprule=\skip70
\l__flowfram_left_x_dim=\dimen256
\l__flowfram_left_y_dim=\dimen257
\l__flowfram_left_evenx_dim=\dimen258
\l__flowfram_left_eveny_dim=\dimen259
\l__flowfram_left_width_dim=\dimen260
\l__flowfram_left_height_dim=\dimen261
\g__flowfram_chaphead_frame_id=\count357
\g__flowfram_chaphead_id_int=\count358
\c@maxthumbtabs=\count359
\c@thumbtabnonum=\count360
\thumbtabwidth=\skip71
\g__flowfram_minitoc_level_int=\count361
\c@maxtocunits=\count362
\c@maxminitoc=\count363
\g__flowfram_toc_level_int=\count364
\c_flowfram_level_part_int=\count365
\beforeminitocskip=\skip72
\afterminitocskip=\skip73
\g__flowfram_minitoc_frame_id=\count366
\c@minitoc=\count367
) (/usr/local/texlive/2025/texmf-dist/tex/latex/floatrow/floatrow.sty
Package: floatrow 2008/08/02 v0.3b floatrow: float package extension
 (/usr/local/texlive/2025/texmf-dist/tex/latex/caption/caption3.sty
Package: caption3 2023/07/31 v2.4d caption3 kernel (AR)
\caption@tempdima=\dimen262
\captionmargin=\dimen263
\caption@leftmargin=\dimen264
\caption@rightmargin=\dimen265
\caption@width=\dimen266
\caption@indent=\dimen267
\caption@parindent=\dimen268
\caption@hangindent=\dimen269
Package caption Info: Standard document class detected.
)
\c@float@type=\count368
\float@exts=\toks27
\float@box=\box67
\@floatcapt=\box68
Package floatrow Info: Modified float package code loaded on input line 455.
Package floatrow Info: Modified rotfloat package code loaded on input line 473.
\FR@everyfloat=\toks28
\flrow@foot=\insert252
\FB@wd=\dimen270
\FBo@wd=\dimen271
\FBc@wd=\dimen272
\FBo@ht=\skip74
\FBc@ht=\skip75
\FBf@ht=\skip76
\FBo@max=\skip77
\FBc@max=\skip78
\FBf@max=\skip79
\c@FBl@b=\count369
\floatbox@depth=\count370
\c@FRobj=\count371
\c@FRsobj=\count372
\Xhsize=\skip80
\sXhsize=\skip81
\Zhsize=\skip82
\sZhsize=\skip83
\flrow@rowbox=\box69
\FR@Zunitlength=\dimen273
\c@FBcnt=\count373
\FPOScnt=\count374
\LTleft=\skip84
\LTright=\skip85
\LTleft=\skip86
\LTright=\skip87
\flrow@types=\toks29
) (/usr/local/texlive/2025/texmf-dist/tex/latex/enumitem/enumitem.sty
Package: enumitem 2025/02/06 v3.11 Customized lists
\labelindent=\skip88
\enit@outerparindent=\dimen274
\enit@toks=\toks30
\enit@inbox=\box70
\enit@count@id=\count375
\enitdp@description=\count376
) (/usr/local/texlive/2025/texmf-dist/tex/latex/pgf/frontendlayer/tikz.sty (/usr/local/texlive/2025/texmf-dist/tex/latex/pgf/basiclayer/pgf.sty (/usr/local/texlive/2025/texmf-dist/tex/latex/pgf/utilities/pgfrcs.sty (/usr/local/texlive/2025/texmf-dist/tex/generic/pgf/utilities/pgfutil-common.tex
\pgfutil@everybye=\toks31
\pgfutil@tempdima=\dimen275
\pgfutil@tempdimb=\dimen276
) (/usr/local/texlive/2025/texmf-dist/tex/generic/pgf/utilities/pgfutil-latex.def
\pgfutil@abb=\box71
) (/usr/local/texlive/2025/texmf-dist/tex/generic/pgf/utilities/pgfrcs.code.tex (/usr/local/texlive/2025/texmf-dist/tex/generic/pgf/pgf.revision.tex)
Package: pgfrcs 2025-08-29 v3.1.11a (3.1.11a)
))
Package: pgf 2025-08-29 v3.1.11a (3.1.11a)
 (/usr/local/texlive/2025/texmf-dist/tex/latex/pgf/basiclayer/pgfcore.sty (/usr/local/texlive/2025/texmf-dist/tex/latex/graphics/graphicx.sty
Package: graphicx 2024/12/31 v1.2e Enhanced LaTeX Graphics (DPC,SPQR)
\Gin@req@height=\dimen277
\Gin@req@width=\dimen278
) (/usr/local/texlive/2025/texmf-dist/tex/latex/pgf/systemlayer/pgfsys.sty (/usr/local/texlive/2025/texmf-dist/tex/generic/pgf/systemlayer/pgfsys.code.tex
Package: pgfsys 2025-08-29 v3.1.11a (3.1.11a)
 (/usr/local/texlive/2025/texmf-dist/tex/generic/pgf/utilities/pgfkeys.code.tex
\pgfkeys@pathtoks=\toks32
\pgfkeys@temptoks=\toks33
 (/usr/local/texlive/2025/texmf-dist/tex/generic/pgf/utilities/pgfkeyslibraryfiltered.code.tex
\pgfkeys@tmptoks=\toks34
))
\pgf@x=\dimen279
\pgf@y=\dimen280
\pgf@xa=\dimen281
\pgf@ya=\dimen282
\pgf@xb=\dimen283
\pgf@yb=\dimen284
\pgf@xc=\dimen285
\pgf@yc=\dimen286
\pgf@xd=\dimen287
\pgf@yd=\dimen288
\w@pgf@writea=\write3
\r@pgf@reada=\read3
\c@pgf@counta=\count377
\c@pgf@countb=\count378
\c@pgf@countc=\count379
\c@pgf@countd=\count380
\t@pgf@toka=\toks35
\t@pgf@tokb=\toks36
\t@pgf@tokc=\toks37
\pgf@sys@id@count=\count381
 (/usr/local/texlive/2025/texmf-dist/tex/generic/pgf/systemlayer/pgf.cfg
File: pgf.cfg 2025-08-29 v3.1.11a (3.1.11a)
)
Driver file for pgf: pgfsys-pdftex.def
 (/usr/local/texlive/2025/texmf-dist/tex/generic/pgf/systemlayer/pgfsys-pdftex.def
File: pgfsys-pdftex.def 2025-08-29 v3.1.11a (3.1.11a)
 (/usr/local/texlive/2025/texmf-dist/tex/generic/pgf/systemlayer/pgfsys-common-pdf.def
File: pgfsys-common-pdf.def 2025-08-29 v3.1.11a (3.1.11a)
))) (/usr/local/texlive/2025/texmf-dist/tex/generic/pgf/systemlayer/pgfsyssoftpath.code.tex
File: pgfsyssoftpath.code.tex 2025-08-29 v3.1.11a (3.1.11a)
\pgfsyssoftpath@smallbuffer@items=\count382
\pgfsyssoftpath@bigbuffer@items=\count383
) (/usr/local/texlive/2025/texmf-dist/tex/generic/pgf/systemlayer/pgfsysprotocol.code.tex
File: pgfsysprotocol.code.tex 2025-08-29 v3.1.11a (3.1.11a)
)) (/usr/local/texlive/2025/texmf-dist/tex/latex/xcolor/xcolor.sty
Package: xcolor 2024/09/29 v3.02 LaTeX color extensions (UK)
 (/usr/local/texlive/2025/texmf-dist/tex/latex/graphics-cfg/color.cfg
File: color.cfg 2016/01/02 v1.6 sample color configuration
)
Package xcolor Info: Driver file: pdftex.def on input line 274.
LaTeX Info: Redefining \color on input line 762.
 (/usr/local/texlive/2025/texmf-dist/tex/latex/graphics/mathcolor.ltx)
Package xcolor Info: Model `cmy' substituted by `cmy0' on input line 1349.
Package xcolor Info: Model `hsb' substituted by `rgb' on input line 1353.
Package xcolor Info: Model `RGB' extended on input line 1365.
Package xcolor Info: Model `HTML' substituted by `rgb' on input line 1367.
Package xcolor Info: Model `Hsb' substituted by `hsb' on input line 1368.
Package xcolor Info: Model `tHsb' substituted by `hsb' on input line 1369.
Package xcolor Info: Model `HSB' substituted by `hsb' on input line 1370.
Package xcolor Info: Model `Gray' substituted by `gray' on input line 1371.
Package xcolor Info: Model `wave' substituted by `hsb' on input line 1372.
) (/usr/local/texlive/2025/texmf-dist/tex/generic/pgf/basiclayer/pgfcore.code.tex
Package: pgfcore 2025-08-29 v3.1.11a (3.1.11a)
 (/usr/local/texlive/2025/texmf-dist/tex/generic/pgf/math/pgfmath.code.tex (/usr/local/texlive/2025/texmf-dist/tex/generic/pgf/math/pgfmathutil.code.tex) (/usr/local/texlive/2025/texmf-dist/tex/generic/pgf/math/pgfmathparser.code.tex
\pgfmath@dimen=\dimen289
\pgfmath@count=\count384
\pgfmath@box=\box72
\pgfmath@toks=\toks38
\pgfmath@stack@operand=\toks39
\pgfmath@stack@operation=\toks40
) (/usr/local/texlive/2025/texmf-dist/tex/generic/pgf/math/pgfmathfunctions.code.tex) (/usr/local/texlive/2025/texmf-dist/tex/generic/pgf/math/pgfmathfunctions.basic.code.tex) (/usr/local/texlive/2025/texmf-dist/tex/generic/pgf/math/pgfmathfunctions.trigonometric.code.tex) (/usr/local/texlive/2025/texmf-dist/tex/generic/pgf/math/pgfmathfunctions.random.code.tex) (/usr/local/texlive/2025/texmf-dist/tex/generic/pgf/math/pgfmathfunctions.comparison.code.tex) (/usr/local/texlive/2025/texmf-dist/tex/generic/pgf/math/pgfmathfunctions.base.code.tex) (/usr/local/texlive/2025/texmf-dist/tex/generic/pgf/math/pgfmathfunctions.round.code.tex) (/usr/local/texlive/2025/texmf-dist/tex/generic/pgf/math/pgfmathfunctions.misc.code.tex) (/usr/local/texlive/2025/texmf-dist/tex/generic/pgf/math/pgfmathfunctions.integerarithmetics.code.tex) (/usr/local/texlive/2025/texmf-dist/tex/generic/pgf/math/pgfmathcalc.code.tex) (/usr/local/texlive/2025/texmf-dist/tex/generic/pgf/math/pgfmathfloat.code.tex
\c@pgfmathroundto@lastzeros=\count385
)) (/usr/local/texlive/2025/texmf-dist/tex/generic/pgf/math/pgfint.code.tex) (/usr/local/texlive/2025/texmf-dist/tex/generic/pgf/basiclayer/pgfcorepoints.code.tex
File: pgfcorepoints.code.tex 2025-08-29 v3.1.11a (3.1.11a)
\pgf@picminx=\dimen290
\pgf@picmaxx=\dimen291
\pgf@picminy=\dimen292
\pgf@picmaxy=\dimen293
\pgf@pathminx=\dimen294
\pgf@pathmaxx=\dimen295
\pgf@pathminy=\dimen296
\pgf@pathmaxy=\dimen297
\pgf@xx=\dimen298
\pgf@xy=\dimen299
\pgf@yx=\dimen300
\pgf@yy=\dimen301
\pgf@zx=\dimen302
\pgf@zy=\dimen303
) (/usr/local/texlive/2025/texmf-dist/tex/generic/pgf/basiclayer/pgfcorepathconstruct.code.tex
File: pgfcorepathconstruct.code.tex 2025-08-29 v3.1.11a (3.1.11a)
\pgf@path@lastx=\dimen304
\pgf@path@lasty=\dimen305
) (/usr/local/texlive/2025/texmf-dist/tex/generic/pgf/basiclayer/pgfcorepathusage.code.tex
File: pgfcorepathusage.code.tex 2025-08-29 v3.1.11a (3.1.11a)
\pgf@shorten@end@additional=\dimen306
\pgf@shorten@start@additional=\dimen307
) (/usr/local/texlive/2025/texmf-dist/tex/generic/pgf/basiclayer/pgfcorescopes.code.tex
File: pgfcorescopes.code.tex 2025-08-29 v3.1.11a (3.1.11a)
\pgfpic=\box73
\pgf@hbox=\box74
\pgf@layerbox@main=\box75
\pgf@picture@serial@count=\count386
) (/usr/local/texlive/2025/texmf-dist/tex/generic/pgf/basiclayer/pgfcoregraphicstate.code.tex
File: pgfcoregraphicstate.code.tex 2025-08-29 v3.1.11a (3.1.11a)
\pgflinewidth=\dimen308
) (/usr/local/texlive/2025/texmf-dist/tex/generic/pgf/basiclayer/pgfcoretransformations.code.tex
File: pgfcoretransformations.code.tex 2025-08-29 v3.1.11a (3.1.11a)
\pgf@pt@x=\dimen309
\pgf@pt@y=\dimen310
\pgf@pt@temp=\dimen311
) (/usr/local/texlive/2025/texmf-dist/tex/generic/pgf/basiclayer/pgfcorequick.code.tex
File: pgfcorequick.code.tex 2025-08-29 v3.1.11a (3.1.11a)
) (/usr/local/texlive/2025/texmf-dist/tex/generic/pgf/basiclayer/pgfcoreobjects.code.tex
File: pgfcoreobjects.code.tex 2025-08-29 v3.1.11a (3.1.11a)
) (/usr/local/texlive/2025/texmf-dist/tex/generic/pgf/basiclayer/pgfcorepathprocessing.code.tex
File: pgfcorepathprocessing.code.tex 2025-08-29 v3.1.11a (3.1.11a)
) (/usr/local/texlive/2025/texmf-dist/tex/generic/pgf/basiclayer/pgfcorearrows.code.tex
File: pgfcorearrows.code.tex 2025-08-29 v3.1.11a (3.1.11a)
\pgfarrowsep=\dimen312
) (/usr/local/texlive/2025/texmf-dist/tex/generic/pgf/basiclayer/pgfcoreshade.code.tex
File: pgfcoreshade.code.tex 2025-08-29 v3.1.11a (3.1.11a)
\pgf@max=\dimen313
\pgf@sys@shading@range@num=\count387
\pgf@shadingcount=\count388
) (/usr/local/texlive/2025/texmf-dist/tex/generic/pgf/basiclayer/pgfcoreimage.code.tex
File: pgfcoreimage.code.tex 2025-08-29 v3.1.11a (3.1.11a)
) (/usr/local/texlive/2025/texmf-dist/tex/generic/pgf/basiclayer/pgfcoreexternal.code.tex
File: pgfcoreexternal.code.tex 2025-08-29 v3.1.11a (3.1.11a)
\pgfexternal@startupbox=\box76
) (/usr/local/texlive/2025/texmf-dist/tex/generic/pgf/basiclayer/pgfcorelayers.code.tex
File: pgfcorelayers.code.tex 2025-08-29 v3.1.11a (3.1.11a)
) (/usr/local/texlive/2025/texmf-dist/tex/generic/pgf/basiclayer/pgfcoretransparency.code.tex
File: pgfcoretransparency.code.tex 2025-08-29 v3.1.11a (3.1.11a)
) (/usr/local/texlive/2025/texmf-dist/tex/generic/pgf/basiclayer/pgfcorepatterns.code.tex
File: pgfcorepatterns.code.tex 2025-08-29 v3.1.11a (3.1.11a)
) (/usr/local/texlive/2025/texmf-dist/tex/generic/pgf/basiclayer/pgfcorerdf.code.tex
File: pgfcorerdf.code.tex 2025-08-29 v3.1.11a (3.1.11a)
))) (/usr/local/texlive/2025/texmf-dist/tex/generic/pgf/modules/pgfmoduleshapes.code.tex
File: pgfmoduleshapes.code.tex 2025-08-29 v3.1.11a (3.1.11a)
\pgfnodeparttextbox=\box77
) (/usr/local/texlive/2025/texmf-dist/tex/generic/pgf/modules/pgfmoduleplot.code.tex
File: pgfmoduleplot.code.tex 2025-08-29 v3.1.11a (3.1.11a)
) (/usr/local/texlive/2025/texmf-dist/tex/latex/pgf/compatibility/pgfcomp-version-0-65.sty
Package: pgfcomp-version-0-65 2025-08-29 v3.1.11a (3.1.11a)
\pgf@nodesepstart=\dimen314
\pgf@nodesepend=\dimen315
) (/usr/local/texlive/2025/texmf-dist/tex/latex/pgf/compatibility/pgfcomp-version-1-18.sty
Package: pgfcomp-version-1-18 2025-08-29 v3.1.11a (3.1.11a)
)) (/usr/local/texlive/2025/texmf-dist/tex/latex/pgf/utilities/pgffor.sty (/usr/local/texlive/2025/texmf-dist/tex/latex/pgf/utilities/pgfkeys.sty (/usr/local/texlive/2025/texmf-dist/tex/generic/pgf/utilities/pgfkeys.code.tex)) (/usr/local/texlive/2025/texmf-dist/tex/latex/pgf/math/pgfmath.sty (/usr/local/texlive/2025/texmf-dist/tex/generic/pgf/math/pgfmath.code.tex)) (/usr/local/texlive/2025/texmf-dist/tex/generic/pgf/utilities/pgffor.code.tex
Package: pgffor 2025-08-29 v3.1.11a (3.1.11a)
\pgffor@iter=\dimen316
\pgffor@skip=\dimen317
\pgffor@stack=\toks41
\pgffor@toks=\toks42
)) (/usr/local/texlive/2025/texmf-dist/tex/generic/pgf/frontendlayer/tikz/tikz.code.tex
Package: tikz 2025-08-29 v3.1.11a (3.1.11a)
 (/usr/local/texlive/2025/texmf-dist/tex/generic/pgf/libraries/pgflibraryplothandlers.code.tex
File: pgflibraryplothandlers.code.tex 2025-08-29 v3.1.11a (3.1.11a)
\pgf@plot@mark@count=\count389
\pgfplotmarksize=\dimen318
)
\tikz@lastx=\dimen319
\tikz@lasty=\dimen320
\tikz@lastxsaved=\dimen321
\tikz@lastysaved=\dimen322
\tikz@lastmovetox=\dimen323
\tikz@lastmovetoy=\dimen324
\tikzleveldistance=\dimen325
\tikzsiblingdistance=\dimen326
\tikz@figbox=\box78
\tikz@figbox@bg=\box79
\tikz@tempbox=\box80
\tikz@tempbox@bg=\box81
\tikztreelevel=\count390
\tikznumberofchildren=\count391
\tikznumberofcurrentchild=\count392
\tikz@fig@count=\count393
 (/usr/local/texlive/2025/texmf-dist/tex/generic/pgf/modules/pgfmodulematrix.code.tex
File: pgfmodulematrix.code.tex 2025-08-29 v3.1.11a (3.1.11a)
\pgfmatrixcurrentrow=\count394
\pgfmatrixcurrentcolumn=\count395
\pgf@matrix@numberofcolumns=\count396
)
\tikz@expandcount=\count397
 (/usr/local/texlive/2025/texmf-dist/tex/generic/pgf/frontendlayer/tikz/libraries/tikzlibrarytopaths.code.tex
File: tikzlibrarytopaths.code.tex 2025-08-29 v3.1.11a (3.1.11a)
))) (/usr/local/texlive/2025/texmf-dist/tex/latex/tikz-cd/tikz-cd.sty
Package: tikz-cd 2021/05/04 v1.0 Commutative diagrams with TikZ
 (/usr/local/texlive/2025/texmf-dist/tex/generic/tikz-cd/tikzlibrarycd.code.tex (/usr/local/texlive/2025/texmf-dist/tex/generic/pgf/frontendlayer/tikz/libraries/tikzlibrarymatrix.code.tex
File: tikzlibrarymatrix.code.tex 2025-08-29 v3.1.11a (3.1.11a)
) (/usr/local/texlive/2025/texmf-dist/tex/generic/pgf/frontendlayer/tikz/libraries/tikzlibraryquotes.code.tex
File: tikzlibraryquotes.code.tex 2025-08-29 v3.1.11a (3.1.11a)
) (/usr/local/texlive/2025/texmf-dist/tex/generic/pgf/libraries/pgflibraryarrows.meta.code.tex
File: pgflibraryarrows.meta.code.tex 2025-08-29 v3.1.11a (3.1.11a)
\pgfarrowinset=\dimen327
\pgfarrowlength=\dimen328
\pgfarrowwidth=\dimen329
\pgfarrowlinewidth=\dimen330
))) (/usr/local/texlive/2025/texmf-dist/tex/latex/tools/multicol.sty
Package: multicol 2025/10/21 v2.0b multicolumn formatting (FMi)
\c@tracingmulticols=\count398
\mult@box=\box82
\multicol@leftmargin=\dimen331
\c@unbalance=\count399
\c@collectmore=\count400
\doublecol@number=\count401
\multicoltolerance=\count402
\multicolpretolerance=\count403
\full@width=\dimen332
\page@free=\dimen333
\premulticols=\dimen334
\postmulticols=\dimen335
\multicolsep=\skip89
\multicolbaselineskip=\skip90
\partial@page=\box83
\last@line=\box84
\mc@boxedresult=\box85
\maxbalancingoverflow=\dimen336
\mult@rightbox=\box86
\mult@grightbox=\box87
\mult@firstbox=\box88
\mult@gfirstbox=\box89
\@tempa=\box90
\@tempa=\box91
\@tempa=\box92
\@tempa=\box93
\@tempa=\box94
\@tempa=\box95
\@tempa=\box96
\@tempa=\box97
\@tempa=\box98
\@tempa=\box99
\@tempa=\box100
\@tempa=\box101
\@tempa=\box102
\@tempa=\box103
\@tempa=\box104
\@tempa=\box105
\@tempa=\box106
\@tempa=\box107
\@tempa=\box108
\@tempa=\box109
\@tempa=\box110
\@tempa=\box111
\@tempa=\box112
\@tempa=\box113
\@tempa=\box114
\@tempa=\box115
\@tempa=\box116
\@tempa=\box117
\@tempa=\box118
\@tempa=\box119
\@tempa=\box120
\@tempa=\box121
\@tempa=\box122
\@tempa=\box123
\@tempa=\box124
\@tempa=\box125
\c@minrows=\count404
\c@columnbadness=\count405
\c@finalcolumnbadness=\count406
\last@try=\dimen337
\multicolovershoot=\dimen338
\multicolundershoot=\dimen339
\mult@nat@firstbox=\box126
\colbreak@box=\box127
\mc@col@check@num=\count407
\g__mc_curr_col_int=\count408
) (/usr/local/texlive/2025/texmf-dist/tex/latex/booktabs/booktabs.sty
Package: booktabs 2020/01/12 v1.61803398 Publication quality tables
\heavyrulewidth=\dimen340
\lightrulewidth=\dimen341
\cmidrulewidth=\dimen342
\belowrulesep=\dimen343
\belowbottomsep=\dimen344
\aboverulesep=\dimen345
\abovetopsep=\dimen346
\cmidrulesep=\dimen347
\cmidrulekern=\dimen348
\defaultaddspace=\dimen349
\@cmidla=\count409
\@cmidlb=\count410
\@aboverulesep=\dimen350
\@belowrulesep=\dimen351
\@thisruleclass=\count411
\@lastruleclass=\count412
\@thisrulewidth=\dimen352
) (/usr/local/texlive/2025/texmf-dist/tex/generic/pgf/frontendlayer/tikz/libraries/tikzlibrarycalc.code.tex
File: tikzlibrarycalc.code.tex 2025-08-29 v3.1.11a (3.1.11a)
)
\g__flowfram_flow_width_i_dim=\dimen353
\g__flowfram_flow_height_i_dim=\dimen354
\g__flowfram_flow_posx_i_dim=\dimen355
\g__flowfram_flow_posy_i_dim=\dimen356
\g__flowfram_flow_evenx_i_dim=\dimen357
\g__flowfram_flow_eveny_i_dim=\dimen358
\g__flowfram_flow_column_i_box=\box128
\g__flowfram_flow_width_ii_dim=\dimen359
\g__flowfram_flow_height_ii_dim=\dimen360
\g__flowfram_flow_posx_ii_dim=\dimen361
\g__flowfram_flow_posy_ii_dim=\dimen362
\g__flowfram_flow_evenx_ii_dim=\dimen363
\g__flowfram_flow_eveny_ii_dim=\dimen364
\g__flowfram_flow_column_ii_box=\box129
\g__flowfram_flow_width_iii_dim=\dimen365
\g__flowfram_flow_height_iii_dim=\dimen366
\g__flowfram_flow_posx_iii_dim=\dimen367
\g__flowfram_flow_posy_iii_dim=\dimen368
\g__flowfram_flow_evenx_iii_dim=\dimen369
\g__flowfram_flow_eveny_iii_dim=\dimen370
\g__flowfram_flow_column_iii_box=\box130
 (/usr/local/texlive/2025/texmf-dist/tex/latex/tcolorbox/tcolorbox.sty
Package: tcolorbox 2025/11/28 version 6.9.0 text color boxes
 (/usr/local/texlive/2025/texmf-dist/tex/latex/tools/verbatim.sty
Package: verbatim 2024-01-22 v1.5x LaTeX2e package for verbatim enhancements
\every@verbatim=\toks43
\verbatim@line=\toks44
\verbatim@in@stream=\read4
) (/usr/local/texlive/2025/texmf-dist/tex/latex/environ/environ.sty
Package: environ 2014/05/04 v0.3 A new way to define environments
 (/usr/local/texlive/2025/texmf-dist/tex/latex/trimspaces/trimspaces.sty
Package: trimspaces 2009/09/17 v1.1 Trim spaces around a token list
))
\tcb@titlebox=\box131
\tcb@upperbox=\box132
\tcb@lowerbox=\box133
\tcb@phantombox=\box134
\c@tcbbreakpart=\count413
\c@tcblayer=\count414
\c@tcolorbox@number=\count415
\l__tcobox_tmpa_box=\box135
\l__tcobox_tmpa_dim=\dimen371
\tcb@temp=\box136
\tcb@temp=\box137
\tcb@temp=\box138
\tcb@temp=\box139
 (/usr/local/texlive/2025/texmf-dist/tex/latex/tcolorbox/tcbraster.code.tex
Library (tcolorbox): 'tcbraster.code.tex' version '6.9.0'
\c@tcbrastercolumn=\count416
\c@tcbrasterrow=\count417
\c@tcbrasternum=\count418
\c@tcbraster=\count419
) (/usr/local/texlive/2025/texmf-dist/tex/latex/tcolorbox/tcbskins.code.tex
Library (tcolorbox): 'tcbskins.code.tex' version '6.9.0'
(/usr/local/texlive/2025/texmf-dist/tex/latex/tikzfill/tikzfill.image.sty
Package: tikzfill.image 2023/08/08 v1.0.1 Image filling library for TikZ
 (/usr/local/texlive/2025/texmf-dist/tex/latex/tikzfill/tikzfill-common.sty
Package: tikzfill-common 2023/08/08 v1.0.1 Auxiliary code for tikzfill
) (/usr/local/texlive/2025/texmf-dist/tex/latex/tikzfill/tikzlibraryfill.image.code.tex
File: tikzlibraryfill.image.code.tex 2023/08/08 v1.0.1 Image filling library
\l__tikzfill_img_box=\box140
)) (/usr/local/texlive/2025/texmf-dist/tex/latex/tcolorbox/tcbskinsjigsaw.code.tex
Library (tcolorbox): 'tcbskinsjigsaw.code.tex' version '6.9.0'
)) (/usr/local/texlive/2025/texmf-dist/tex/latex/tcolorbox/tcbbreakable.code.tex
Library (tcolorbox): 'tcbbreakable.code.tex' version '6.9.0'
(/usr/local/texlive/2025/texmf-dist/tex/latex/pdfcol/pdfcol.sty
Package: pdfcol 2022-09-21 v1.7 Handle new color stacks for pdfTeX (HO)
)
Package pdfcol Info: New color stack `tcb@breakable' = 1 on input line 23.
\tcb@testbox=\box141
\tcb@totalupperbox=\box142
\tcb@totallowerbox=\box143
) (/usr/local/texlive/2025/texmf-dist/tex/latex/tcolorbox/tcbhooks.code.tex
Library (tcolorbox): 'tcbhooks.code.tex' version '6.9.0'
) (/usr/local/texlive/2025/texmf-dist/tex/latex/tcolorbox/tcbtheorems.code.tex
Library (tcolorbox): 'tcbtheorems.code.tex' version '6.9.0'
) (/usr/local/texlive/2025/texmf-dist/tex/latex/tcolorbox/tcbfitting.code.tex
Library (tcolorbox): 'tcbfitting.code.tex' version '6.9.0'
\tcbfitdim=\dimen372
\tcb@lowerfitdim=\dimen373
\tcb@upperfitdim=\dimen374
\tcb@cur@hbadness=\count420
) (/usr/local/texlive/2025/texmf-dist/tex/latex/tcolorbox/tcblistingsutf8.code.tex
Library (tcolorbox): 'tcblistingsutf8.code.tex' version '6.9.0'
(/usr/local/texlive/2025/texmf-dist/tex/latex/tcolorbox/tcblistings.code.tex
Library (tcolorbox): 'tcblistings.code.tex' version '6.9.0'
(/usr/local/texlive/2025/texmf-dist/tex/latex/listings/listings.sty
\lst@mode=\count421
\lst@gtempboxa=\box144
\lst@token=\toks45
\lst@length=\count422
\lst@currlwidth=\dimen375
\lst@column=\count423
\lst@pos=\count424
\lst@lostspace=\dimen376
\lst@width=\dimen377
\lst@newlines=\count425
\lst@lineno=\count426
\lst@maxwidth=\dimen378
 (/usr/local/texlive/2025/texmf-dist/tex/latex/listings/lstpatch.sty
File: lstpatch.sty 2025/11/14 1.11b (Carsten Heinz)
) (/usr/local/texlive/2025/texmf-dist/tex/latex/listings/lstmisc.sty
File: lstmisc.sty 2025/11/14 1.11b (Carsten Heinz)
\c@lstnumber=\count427
\lst@skipnumbers=\count428
\lst@framebox=\box145
) (/usr/local/texlive/2025/texmf-dist/tex/latex/listings/listings.cfg
File: listings.cfg 2025/11/14 1.11b listings configuration
))
Package: listings 2025/11/14 1.11b (Carsten Heinz)

==> First Aid for listings.sty no longer applied!
    Expected:
        2024/09/23 1.10c (Carsten Heinz)
    but found:
        2025/11/14 1.11b (Carsten Heinz)
    so I'm assuming it got fixed.
(/usr/local/texlive/2025/texmf-dist/tex/latex/tcolorbox/tcblistingscore.code.tex
Library (tcolorbox): 'tcblistingscore.code.tex' version '6.9.0'
(/usr/local/texlive/2025/texmf-dist/tex/latex/tcolorbox/tcbprocessing.code.tex
Library (tcolorbox): 'tcbprocessing.code.tex' version '6.9.0'
)
\c@tcblisting=\count429
)) (/usr/local/texlive/2025/texmf-dist/tex/latex/listingsutf8/listingsutf8.sty
Package: listingsutf8 2019-12-10 v1.5 Allow UTF-8 in listings input (HO)
)) (/usr/local/texlive/2025/texmf-dist/tex/latex/tcolorbox/tcbexternal.code.tex
Library (tcolorbox): 'tcbexternal.code.tex' version '6.9.0'
) (/usr/local/texlive/2025/texmf-dist/tex/latex/tcolorbox/tcbmagazine.code.tex
Library (tcolorbox): 'tcbmagazine.code.tex' version '6.9.0'
) (/usr/local/texlive/2025/texmf-dist/tex/latex/tcolorbox/tcbvignette.code.tex
Library (tcolorbox): 'tcbvignette.code.tex' version '6.9.0'
(/usr/local/texlive/2025/texmf-dist/tex/generic/pgf/frontendlayer/tikz/libraries/tikzlibraryfadings.code.tex
File: tikzlibraryfadings.code.tex 2025-08-29 v3.1.11a (3.1.11a)
 (/usr/local/texlive/2025/texmf-dist/tex/generic/pgf/libraries/pgflibraryfadings.code.tex
File: pgflibraryfadings.code.tex 2025-08-29 v3.1.11a (3.1.11a)
))) (/usr/local/texlive/2025/texmf-dist/tex/latex/tcolorbox/tcbposter.code.tex
Library (tcolorbox): 'tcbposter.code.tex' version '6.9.0'
))
\c@rowlisti=\count430
\enitdp@rowlist=\count431
\c@vaxiomsi=\count432
\enitdp@vaxioms=\count433
 (/usr/local/texlive/2025/texmf-dist/tex/latex/amscls/amsthm.sty
Package: amsthm 2020/05/29 v2.20.6
\thm@style=\toks46
\thm@bodyfont=\toks47
\thm@headfont=\toks48
\thm@notefont=\toks49
\thm@headpunct=\toks50
\thm@preskip=\skip91
\thm@postskip=\skip92
\thm@headsep=\skip93
\dth@everypar=\toks51
) (/usr/local/texlive/2025/texmf-dist/tex/latex/mathtools/mathtools.sty
Package: mathtools 2024/10/04 v1.31 mathematical typesetting tools
 (/usr/local/texlive/2025/texmf-dist/tex/latex/tools/calc.sty
Package: calc 2025/03/01 v4.3b Infix arithmetic (KKT,FJ)
\calc@Acount=\count434
\calc@Bcount=\count435
\calc@Adimen=\dimen379
\calc@Bdimen=\dimen380
\calc@Askip=\skip94
\calc@Bskip=\skip95
LaTeX Info: Redefining \setlength on input line 86.
LaTeX Info: Redefining \addtolength on input line 87.
\calc@Ccount=\count436
\calc@Cskip=\skip96
) (/usr/local/texlive/2025/texmf-dist/tex/latex/mathtools/mhsetup.sty
Package: mhsetup 2021/03/18 v1.4 programming setup (MH)
)
\g_MT_multlinerow_int=\count437
\l_MT_multwidth_dim=\dimen381
\origjot=\skip97
\l_MT_shortvdotswithinadjustabove_dim=\dimen382
\l_MT_shortvdotswithinadjustbelow_dim=\dimen383
\l_MT_above_intertext_sep=\dimen384
\l_MT_below_intertext_sep=\dimen385
\l_MT_above_shortintertext_sep=\dimen386
\l_MT_below_shortintertext_sep=\dimen387
\xmathstrut@box=\box146
\xmathstrut@dim=\dimen388
) (/usr/local/texlive/2025/texmf-dist/tex/latex/marvosym/marvosym.sty
Package: marvosym 2011/07/20 v2.2 Martin Vogel's Symbols font definitions
) (/usr/local/texlive/2025/texmf-dist/tex/latex/wasysym/wasysym.sty
Package: wasysym 2020/01/19 v2.4 Wasy-2 symbol support package
\symwasy=\mathgroup6
LaTeX Font Info:    Overwriting symbol font `wasy' in version `bold'
(Font)                  U/wasy/m/n --> U/wasy/b/n on input line 93.
) (/usr/local/texlive/2025/texmf-dist/tex/latex/tools/tabularx.sty
Package: tabularx 2023/12/11 v2.12a `tabularx' package (DPC)
 (/usr/local/texlive/2025/texmf-dist/tex/latex/tools/array.sty
Package: array 2025/09/25 v2.6n Tabular extension package (FMi)
\col@sep=\dimen389
\ar@mcellbox=\box147
\extrarowheight=\dimen390
\NC@list=\toks52
\extratabsurround=\skip98
\backup@length=\skip99
\ar@cellbox=\box148
)
\TX@col@width=\dimen391
\TX@old@table=\dimen392
\TX@old@col=\dimen393
\TX@target=\dimen394
\TX@delta=\dimen395
\TX@cols=\count438
\TX@ftn=\toks53
) (/usr/local/texlive/2025/texmf-dist/tex/latex/multirow/multirow.sty
Package: multirow 2024/11/12 v2.9 Span multiple rows of a table
\multirow@colwidth=\skip100
\multirow@cntb=\count439
\multirow@dima=\skip101
\bigstrutjot=\dimen396
)
Package hyperref Info: Option `colorlinks' set `true' on input line 112.


LaTeX Warning: Unused global option(s):
    [9pt].

(./visual_computing.aux
Package babel Info: 'nswissgerman' activates 'german' shorthands.
(babel)             Reported on input line 16.
)
\openout1 = `visual_computing.aux'.

LaTeX Font Info:    Checking defaults for OML/cmm/m/it on input line 134.
LaTeX Font Info:    ... okay on input line 134.
LaTeX Font Info:    Checking defaults for OMS/cmsy/m/n on input line 134.
LaTeX Font Info:    ... okay on input line 134.
LaTeX Font Info:    Checking defaults for OT1/cmr/m/n on input line 134.
LaTeX Font Info:    ... okay on input line 134.
LaTeX Font Info:    Checking defaults for T1/cmr/m/n on input line 134.
LaTeX Font Info:    ... okay on input line 134.
LaTeX Font Info:    Checking defaults for TS1/cmr/m/n on input line 134.
LaTeX Font Info:    ... okay on input line 134.
LaTeX Font Info:    Checking defaults for OMX/cmex/m/n on input line 134.
LaTeX Font Info:    ... okay on input line 134.
LaTeX Font Info:    Checking defaults for U/cmr/m/n on input line 134.
LaTeX Font Info:    ... okay on input line 134.
LaTeX Font Info:    Checking defaults for PD1/pdf/m/n on input line 134.
LaTeX Font Info:    ... okay on input line 134.
LaTeX Font Info:    Checking defaults for PU/pdf/m/n on input line 134.
LaTeX Font Info:    ... okay on input line 134.
Package hyperref Info: Link coloring ON on input line 134.

*geometry* driver: auto-detecting
*geometry* detected driver: pdftex
*geometry* verbose mode - [ preamble ] result:
* driver: pdftex
* paper: a4paper
* layout: <same size as paper>
* layoutoffset:(h,v)=(0.0pt,0.0pt)
* modes: landscape 
* h-part:(L,W,R)=(21.33955pt, 802.36774pt, 21.33955pt)
* v-part:(T,H,B)=(28.45274pt, 526.376pt, 42.67912pt)
* \paperwidth=845.04684pt
* \paperheight=597.50787pt
* \textwidth=802.36774pt
* \textheight=526.376pt
* \oddsidemargin=-50.93044pt
* \evensidemargin=-50.93044pt
* \topmargin=-80.81725pt
* \headheight=12.0pt
* \headsep=25.0pt
* \topskip=10.0pt
* \footskip=15.0pt
* \marginparwidth=57.0pt
* \marginparsep=11.0pt
* \columnsep=28.45274pt
* \skip\footins=6.75pt plus 2.99968pt minus 1.50032pt
* \hoffset=0.0pt
* \voffset=0.0pt
* \mag=1000
* \@twocolumnfalse
* \@twosidefalse
* \@mparswitchfalse
* \@reversemarginfalse
* (1in=72.27pt=25.4mm, 1cm=28.453pt)

(/usr/local/texlive/2025/texmf-dist/tex/context/base/mkii/supp-pdf.mkii
[Loading MPS to PDF converter (version 2006.09.02).]
\scratchcounter=\count440
\scratchdimen=\dimen397
\scratchbox=\box149
\nofMPsegments=\count441
\nofMParguments=\count442
\everyMPshowfont=\toks54
\MPscratchCnt=\count443
\MPscratchDim=\dimen398
\MPnumerator=\count444
\makeMPintoPDFobject=\count445
\everyMPtoPDFconversion=\toks55
) (/usr/local/texlive/2025/texmf-dist/tex/latex/epstopdf-pkg/epstopdf-base.sty
Package: epstopdf-base 2020-01-24 v2.11 Base part for package epstopdf
Package epstopdf-base Info: Redefining graphics rule for `.eps' on input line 485.
 (/usr/local/texlive/2025/texmf-dist/tex/latex/latexconfig/epstopdf-sys.cfg
File: epstopdf-sys.cfg 2010/07/13 v1.3 Configuration of (r)epstopdf for TeX Live
))
Package caption Info: Begin \AtBeginDocument code.
Package caption Info: End \AtBeginDocument code.
\c@lstlisting=\count446


LaTeX Font Warning: Font shape `OT1/cmr/m/n' in size <11.52002> not available
(Font)              size <12> substituted on input line 138.


LaTeX Font Warning: Font shape `OT1/cmr/bx/n' in size <11.52002> not available
(Font)              size <12> substituted on input line 138.

LaTeX Font Info:    Trying to load font information for U+msa on input line 139.
(/usr/local/texlive/2025/texmf-dist/tex/latex/amsfonts/umsa.fd
File: umsa.fd 2013/01/14 v3.01 AMS symbols A
)
LaTeX Font Info:    Trying to load font information for U+msb on input line 139.
 (/usr/local/texlive/2025/texmf-dist/tex/latex/amsfonts/umsb.fd
File: umsb.fd 2013/01/14 v3.01 AMS symbols B
)
LaTeX Font Info:    Trying to load font information for U+wasy on input line 139.
 (/usr/local/texlive/2025/texmf-dist/tex/latex/wasysym/uwasy.fd
File: uwasy.fd 2020/01/19 v2.4 Wasy-2 symbol font definitions
)
Overfull \hbox (3.90405pt too wide) detected at line 161
[]\OT1/cmr/m/n/8 (\OML/cmm/m/it/8 x; y\OT1/cmr/m/n/8 ) = (1 \OMS/cmsy/m/n/8 ^^@ \OML/cmm/m/it/8 a\OT1/cmr/m/n/8 )(1 \OMS/cmsy/m/n/8 ^^@ \OML/cmm/m/it/8 b\OT1/cmr/m/n/8 )\OML/cmm/m/it/8 F[] \OT1/cmr/m/n/8 + \OML/cmm/m/it/8 a\OT1/cmr/m/n/8 (1 \OMS/cmsy/m/n/8 ^^@ \OML/cmm/m/it/8 b\OT1/cmr/m/n/8 )\OML/cmm/m/it/8 F[] \OT1/cmr/m/n/8 + \OML/cmm/m/it/8 abF[] \OT1/cmr/m/n/8 + (1 \OMS/cmsy/m/n/8 ^^@ \OML/cmm/m/it/8 a\OT1/cmr/m/n/8 )\OML/cmm/m/it/8 bF[]
 []

<bilinear_interplation.png, id=43, 459.7175pt x 276.03125pt>
File: bilinear_interplation.png Graphic file (type png)
<use bilinear_interplation.png>
Package pdftex.def Info: bilinear_interplation.png  used on input line 162.
(pdftex.def)             Requested size: 149.09395pt x 89.52376pt.

Underfull \hbox (badness 10000) in paragraph at lines 161--167

 []


LaTeX Font Warning: Font shape `OT1/cmr/m/n' in size <9.59998> not available
(Font)              size <10> substituted on input line 167.


LaTeX Font Warning: Font shape `OT1/cmr/bx/n' in size <9.59998> not available
(Font)              size <10> substituted on input line 167.

LaTeX Font Info:    Calculating math sizes for size <9.59998> on input line 167.

LaTeX Font Warning: Font shape `OML/cmm/m/it' in size <9.59998> not available
(Font)              size <10> substituted on input line 167.


LaTeX Font Warning: Font shape `OMS/cmsy/m/n' in size <9.59998> not available
(Font)              size <10> substituted on input line 167.


LaTeX Font Warning: Font shape `U/wasy/m/n' in size <9.59998> not available
(Font)              size <10> substituted on input line 167.


Package hyperref Warning: Token not allowed in a PDF string (Unicode):
(hyperref)                removing `math shift' on input line 167.


Package hyperref Warning: Token not allowed in a PDF string (Unicode):
(hyperref)                removing `\sigma' on input line 167.


Package hyperref Warning: Token not allowed in a PDF string (Unicode):
(hyperref)                removing `math shift' on input line 167.


Overfull \hbox (10.62593pt too wide) detected at line 211
[]
 []

[1{/usr/local/texlive/2025/texmf-var/fonts/map/pdftex/updmap/pdftex.map}

{/usr/local/texlive/2025/texmf-dist/fonts/enc/dvips/cm-super/cm-super-ts1.enc} <./bilinear_interplation.png>]

Package hyperref Warning: Token not allowed in a PDF string (Unicode):
(hyperref)                removing `math shift' on input line 232.


Package hyperref Warning: Token not allowed in a PDF string (Unicode):
(hyperref)                removing `subscript' on input line 232.


Package hyperref Warning: Token not allowed in a PDF string (Unicode):
(hyperref)                removing `\alpha' on input line 232.


Package hyperref Warning: Token not allowed in a PDF string (Unicode):
(hyperref)                removing `math shift' on input line 232.


Overfull \hbox (18.47932pt too wide) detected at line 247
[]
 []


Underfull \hbox (badness 10000) in paragraph at lines 247--257

 []

<segmentation_graph_cut.png, id=73, 896.34875pt x 557.08125pt>
File: segmentation_graph_cut.png Graphic file (type png)
<use segmentation_graph_cut.png>
Package pdftex.def Info: segmentation_graph_cut.png  used on input line 259.
(pdftex.def)             Requested size: 248.48741pt x 154.43462pt.

Underfull \hbox (badness 10000) in paragraph at lines 272--282
\OT1/cmr/bx/n/8 diff x: $[]$  diff y: $[]$  High pass:
 []


Underfull \hbox (badness 10000) in paragraph at lines 296--298
[]\OT1/cmr/m/n/8 Template mat-ching: $\OML/cmm/m/it/8 I[] \OT1/cmr/m/n/8 = \OML/cmm/m/it/8 K \OMS/cmsy/m/n/8 ^^N \OML/cmm/m/it/8 I$ $I\OT1/cmr/m/n/8 (\OML/cmm/m/it/8 x; y\OT1/cmr/m/n/8 ) =
 []


Underfull \hbox (badness 10000) in paragraph at lines 291--298

 []


Underfull \hbox (badness 7326) in paragraph at lines 300--303
[]\OT1/cmr/m/n/8 Point spread func-ti-on: $\OML/cmm/m/it/8 I[] \OT1/cmr/m/n/8 = \OML/cmm/m/it/8 K \OMS/cmsy/m/n/8 ^^C \OML/cmm/m/it/8 I$ $I[]\OT1/cmr/m/n/8 (\OML/cmm/m/it/8 x; y\OT1/cmr/m/n/8 ) =
 []

[2 <./segmentation_graph_cut.png>]
Overfull \hbox (27.46132pt too wide) in paragraph at lines 336--338
[]\OT1/cmr/bx/n/8 Corner de-tec-ti-on: \OT1/cmr/m/n/8 De-fi-ne lo-cal dis-pla-ce-ment sen-si-ti-vi-ty: $\OML/cmm/m/it/8 S\OT1/cmr/m/n/8 (^^A\OML/cmm/m/it/8 x; \OT1/cmr/m/n/8 ^^A\OML/cmm/m/it/8 y\OT1/cmr/m/n/8 ) =
 []


Underfull \hbox (badness 2689) in paragraph at lines 342--343
[]\OT1/cmr/m/n/8 Compute ma-trix $\OT1/cmr/bx/n/8 M$\OT1/cmr/m/n/8 . Com-pu-te $\OML/cmm/m/it/8 C\OT1/cmr/m/n/8 (\OML/cmm/m/it/8 x; y\OT1/cmr/m/n/8 ) = [](\OT1/cmr/bx/n/8 M\OT1/cmr/m/n/8 ) \OMS/cmsy/m/n/8 ^^@
 []

<other-cheatsheet/harris-corner-detection.png, id=86, 718.685pt x 366.36874pt>
File: other-cheatsheet/harris-corner-detection.png Graphic file (type png)
<use other-cheatsheet/harris-corner-detection.png>
Package pdftex.def Info: other-cheatsheet/harris-corner-detection.png  used on input line 344.
(pdftex.def)             Requested size: 173.94043pt x 88.66821pt.

Overfull \hbox (10.98318pt too wide) in paragraph at lines 356--359
\OT1/cmr/m/n/8 Am-pli-tu-de/Magnitude: $\OML/cmm/m/it/8 A\OT1/cmr/m/n/8 (\OML/cmm/m/it/8 u\OT1/cmr/m/n/8 ) = \OMS/cmsy/m/n/8 j\OML/cmm/m/it/8 F\OT1/cmr/m/n/8 (\OML/cmm/m/it/8 u\OT1/cmr/m/n/8 )\OMS/cmsy/m/n/8 j \OT1/cmr/m/n/8 = []\OML/cmm/m/it/8 :$ 
 []


Underfull \hbox (badness 10000) in paragraph at lines 360--361

 []


Overfull \hbox (20.51149pt too wide) in paragraph at lines 372--376
\OT1/cmr/m/n/8 vec-to-ri-zed image. $\OML/cmm/m/it/8 F\OT1/cmr/m/n/8 (\OML/cmm/m/it/8 u; v\OT1/cmr/m/n/8 ) = [][] [][] \OML/cmm/m/it/8 f\OT1/cmr/m/n/8 (\OML/cmm/m/it/8 x; y\OT1/cmr/m/n/8 ) \OMS/cmsy/m/n/8 ^^A [] []$\OT1/cmr/m/n/8 ,
 []


Overfull \hbox (8.28465pt too wide) in paragraph at lines 372--376
\OT1/cmr/m/n/8 Du-al Trans-form: $\OML/cmm/m/it/8 f\OT1/cmr/m/n/8 (\OMS/cmsy/m/n/8 ^^@\OML/cmm/m/it/8 x\OT1/cmr/m/n/8 ) = \OML/cmm/m/it/8 F\OT1/cmr/m/n/8 (\OML/cmm/m/it/8 F\OT1/cmr/m/n/8 (\OML/cmm/m/it/8 f\OT1/cmr/m/n/8 ))(\OML/cmm/m/it/8 x\OT1/cmr/m/n/8 )$. \OT1/cmr/bx/n/8 Re-le-vant: $[]\OT1/cmr/m/n/8 (\OML/cmm/m/it/8 x\OT1/cmr/m/n/8 ) = []$,
 []

[3 <./other-cheatsheet/harris-corner-detection.png>]
<other-cheatsheet/fourier-transforms.png, id=95, 554.07pt x 420.57124pt>
File: other-cheatsheet/fourier-transforms.png Graphic file (type png)
<use other-cheatsheet/fourier-transforms.png>
Package pdftex.def Info: other-cheatsheet/fourier-transforms.png  used on input line 403.
(pdftex.def)             Requested size: 248.48741pt x 188.61357pt.

Overfull \hbox (15.0pt too wide) in paragraph at lines 403--404
[][] 
 []


Overfull \hbox (25.13182pt too wide) in paragraph at lines 414--434
 [][] 
 []


Overfull \hbox (13.70767pt too wide) in paragraph at lines 468--469
\OT1/cmr/m/n/8 ma-xi-mi-zed (i.e. mi-ni-mi-zing wi-thin class dif-fe-rence, ma-xi-mi-zing between-
 []

[4 <./other-cheatsheet/fourier-transforms.png>]
Overfull \hbox (32.8292pt too wide) in paragraph at lines 473--474
[]\OT1/cmr/bx/n/8 RGB $\OMS/cmsy/m/n/8 !$ \OT1/cmr/bx/n/8 YUV: \OT1/cmr/m/n/8 Y = lu-mi-nance/brightness, UV = co-lor/chrominance.
 []


Overfull \hbox (0.91016pt too wide) in paragraph at lines 473--474
\OT1/cmr/m/n/8 Hu-mans mo-re sen-si-ti-ve to co-lor $\OMS/cmsy/m/n/8 )$ \OT1/cmr/m/n/8 com-press co-lors with \OT1/cmr/bx/n/8 chro-
 []


Overfull \hbox (5.51825pt too wide) in paragraph at lines 475--476
\OT1/cmr/m/n/8 ted ma-trix (quan-ti-za-ti-on ta-ble), ag-gres-si-ve-ly com-press bottom-
 []

<sampling.jpg, id=104, 647.41875pt x 567.11874pt>
File: sampling.jpg Graphic file (type jpg)
<use sampling.jpg>
Package pdftex.def Info: sampling.jpg  used on input line 482.
(pdftex.def)             Requested size: 248.48741pt x 217.67073pt.
<Screenshot 2026-01-28 at 15.30.42.png, id=105, 664.4825pt x 186.6975pt>
File: Screenshot 2026-01-28 at 15.30.42.png Graphic file (type png)
<use Screenshot 2026-01-28 at 15.30.42.png>
Package pdftex.def Info: Screenshot 2026-01-28 at 15.30.42.png  used on input line 484.
(pdftex.def)             Requested size: 248.48741pt x 69.81766pt.
[5 <./sampling.jpg> <./Screenshot 2026-01-28 at 15.30.42.png>]
Overfull \hbox (0.35077pt too wide) in paragraph at lines 574--575
\OT1/cmr/m/n/8 com-pa-ring va-lue. With $\OML/cmm/m/it/8 y[] \OMS/cmsy/m/n/8 2 \U/msb/m/n/8 R[]\OML/cmm/m/it/8 ; s[] \OT1/cmr/m/n/8 = \OML/cmm/m/it/8 f\OT1/cmr/m/n/8 (\OML/cmm/m/it/8 x[]; ^^R\OT1/cmr/m/n/8 )$, we get: $\OMS/cmsy/m/n/8 L\OT1/cmr/m/n/8 (\OML/cmm/m/it/8 y; f\OT1/cmr/m/n/8 (\OML/cmm/m/it/8 x; ^^R\OT1/cmr/m/n/8 )) =
 []


Overfull \hbox (2.35526pt too wide) in paragraph at lines 576--577
[]\OT1/cmr/bx/n/8 Fourier Sli-ce Theo-rem: $\OML/cmm/m/it/8 G[]\OT1/cmr/m/n/8 (\OML/cmm/m/it/8 !\OT1/cmr/m/n/8 ) = \OML/cmm/m/it/8 F\OT1/cmr/m/n/8 [\OML/cmm/m/it/8 f\OT1/cmr/m/n/8 ](\OML/cmm/m/it/8 ! []\OT1/cmr/m/n/8 (\OML/cmm/m/it/8 ^^R\OT1/cmr/m/n/8 )\OML/cmm/m/it/8 ; ! []\OT1/cmr/m/n/8 (\OML/cmm/m/it/8 ^^R\OT1/cmr/m/n/8 ))$ whe-
 []

<other-cheatsheet/radon-back-projection.png, id=118, 773.7708pt x 180.675pt>
File: other-cheatsheet/radon-back-projection.png Graphic file (type png)
<use other-cheatsheet/radon-back-projection.png>
Package pdftex.def Info: other-cheatsheet/radon-back-projection.png  used on input line 578.
(pdftex.def)             Requested size: 248.48741pt x 58.02118pt.

Overfull \hbox (15.0pt too wide) in paragraph at lines 578--579
[][] 
 []


Overfull \hbox (3.32007pt too wide) in paragraph at lines 583--584
[]\OT1/cmr/m/n/8 1D FT of pro-jec-ti-on da-ta, get $\OML/cmm/m/it/8 G[]\OT1/cmr/m/n/8 (\OML/cmm/m/it/8 !\OT1/cmr/m/n/8 ) = \OML/cmm/m/it/8 F\OT1/cmr/m/n/8 [\OML/cmm/m/it/8 f\OT1/cmr/m/n/8 ](\OML/cmm/m/it/8 ! []\OT1/cmr/m/n/8 (\OML/cmm/m/it/8 ^^R\OT1/cmr/m/n/8 )\OML/cmm/m/it/8 ; ! []\OT1/cmr/m/n/8 (\OML/cmm/m/it/8 ^^R\OT1/cmr/m/n/8 ))$
 []


Overfull \hbox (3.19627pt too wide) in paragraph at lines 604--609
\OT1/cmr/m/n/8 Light is a elec-tro-ma-gne-tic ra-dia-ti-on at Fre-quen-cy (wa-ve-length $400\OML/cmm/m/it/8 nm$
 []


Underfull \hbox (badness 10000) in paragraph at lines 604--609

 []


Overfull \hbox (1.20116pt too wide) in paragraph at lines 614--615
[]\OT1/cmr/bx/n/8 CIE RGB\OT1/cmr/m/n/8 : (435.8, 546.1, 700.0nm). Li-ne-ar com-bi-na-ti-on span
 []

<CIE_graph.png, id=119, 650.43pt x 406.51875pt>
File: CIE_graph.png Graphic file (type png)
<use CIE_graph.png>
Package pdftex.def Info: CIE_graph.png  used on input line 621.
(pdftex.def)             Requested size: 149.09395pt x 93.18098pt.

Overfull \hbox (0.38512pt too wide) in paragraph at lines 621--624
\OT1/cmr/m/n/8 435\OML/cmm/m/it/8 :\OT1/cmr/m/n/8 8\OML/cmm/m/it/8 ; \OT1/cmr/m/n/8 546\OML/cmm/m/it/8 :\OT1/cmr/m/n/8 1$ and $700\OML/cmm/m/it/8 :\OT1/cmr/m/n/8 0\OML/cmm/m/it/8 nm$ \OT1/cmr/m/n/8 (ar-bi-tra-ry choo-sen) whe-re con-trol-led (dim-
 []

<cie.jpg, id=120, 1164.35pt x 1130.2225pt>
File: cie.jpg Graphic file (type jpg)
<use cie.jpg>
Package pdftex.def Info: cie.jpg  used on input line 655.
(pdftex.def)             Requested size: 173.94043pt x 168.83623pt.
<Screenshot 2026-01-29 at 14.21.47.png, id=121, 807.015pt x 93.34875pt>
File: Screenshot 2026-01-29 at 14.21.47.png Graphic file (type png)
<use Screenshot 2026-01-29 at 14.21.47.png>
Package pdftex.def Info: Screenshot 2026-01-29 at 14.21.47.png  used on input line 658.
(pdftex.def)             Requested size: 248.48741pt x 28.74266pt.

Overfull \hbox (31.842pt too wide) in paragraph at lines 653--660
\OT1/cmr/m/n/8 For a gi-ven dis-play, the phos-pho-rous coor-di-na-tes $(\OML/cmm/m/it/8 x[]; y[]\OT1/cmr/m/n/8 )\OML/cmm/m/it/8 ; \OT1/cmr/m/n/8 (\OML/cmm/m/it/8 x[]; y[]\OT1/cmr/m/n/8 )\OML/cmm/m/it/8 ; \OT1/cmr/m/n/8 (\OML/cmm/m/it/8 x[]; y[]\OT1/cmr/m/n/8 )$
 []


Overfull \hbox (18.48576pt too wide) in paragraph at lines 653--660
\OT1/cmr/m/n/8 The un-knowns $\OML/cmm/m/it/8 C[]; C[]; C[]$ \OT1/cmr/m/n/8 re-sult from a known whi-te point $(\OML/cmm/m/it/8 X[]; Y[]; Z[]\OT1/cmr/m/n/8 )$
 []

[6 <./other-cheatsheet/radon-back-projection.png> <./CIE_graph.png>]
Overfull \hbox (3.11209pt too wide) detected at line 660
[] \OT1/cmr/m/n/8 = [] \OMS/cmsy/m/n/8 ^^A []
 []


Overfull \hbox (50.65721pt too wide) detected at line 662
[] \OT1/cmr/m/n/8 = [] []
 []


Overfull \hbox (1.31311pt too wide) in paragraph at lines 676--677
[]\OT1/cmr/bx/n/8 Components: \OT1/cmr/m/n/8 Lu-mi-nance ($\OML/cmm/m/it/8 Y$\OT1/cmr/m/n/8 ), In-phase ($\OML/cmm/m/it/8 I$\OT1/cmr/m/n/8 , orange-blue, Hu-
 []


Underfull \hbox (badness 10000) in paragraph at lines 699--700

 []


Overfull \hbox (32.8292pt too wide) in paragraph at lines 707--708
[]\OT1/cmr/bx/n/8 RGB $\OMS/cmsy/m/n/8 !$ \OT1/cmr/bx/n/8 YUV: \OT1/cmr/m/n/8 Y = lu-mi-nance/brightness, UV = co-lor/chrominance.
 []


Overfull \hbox (5.51825pt too wide) in paragraph at lines 709--710
\OT1/cmr/m/n/8 ted ma-trix (quan-ti-za-ti-on ta-ble), ag-gres-si-ve-ly com-press bottom-
 []


Underfull \hbox (badness 2591) in paragraph at lines 718--719
\OT1/cmr/m/n/8 se-cu-ti-ve le-vels of Gaus-si-an py-ra-mid (sto-res de-
 []

<other-cheatsheet/change-coords.png, id=134, 1223.57124pt x 653.44125pt>
File: other-cheatsheet/change-coords.png Graphic file (type png)
<use other-cheatsheet/change-coords.png>
Package pdftex.def Info: other-cheatsheet/change-coords.png  used on input line 739.
(pdftex.def)             Requested size: 122.9759pt x 65.667pt.
[7 <./cie.jpg> <./Screenshot 2026-01-29 at 14.21.47.png>]
Overfull \hbox (2.2748pt too wide) in paragraph at lines 744--748
[][] 
 []

<other-cheatsheet/perspective-projection.png, id=150, 1635.10875pt x 625.33624pt>
File: other-cheatsheet/perspective-projection.png Graphic file (type png)
<use other-cheatsheet/perspective-projection.png>
Package pdftex.def Info: other-cheatsheet/perspective-projection.png  used on input line 749.
(pdftex.def)             Requested size: 173.94043pt x 66.51624pt.

Underfull \hbox (badness 1019) in paragraph at lines 758--760
\OT1/cmr/m/n/8 Rotating a point $\OML/cmm/m/it/8 p \OT1/cmr/m/n/8 = [][]$ around axis $\OML/cmm/m/it/8 u \OT1/cmr/m/n/8 =
 []


Overfull \hbox (11.41048pt too wide) in paragraph at lines 770--773
\OT1/cmr/bx/n/8 Zenith, Azi-muth: \OT1/cmr/m/n/8 Point $\OML/cmm/m/it/8 ! \OT1/cmr/m/n/8 = (\OML/cmm/m/it/8 ^^R; ^^^\OT1/cmr/m/n/8 )$ on unit sphe-re: $\OML/cmm/m/it/8 ![] \OT1/cmr/m/n/8 = [](\OML/cmm/m/it/8 ^^R\OT1/cmr/m/n/8 ) [](\OML/cmm/m/it/8 ^^^\OT1/cmr/m/n/8 )$,
 []


Underfull \hbox (badness 1189) in paragraph at lines 775--781
\OT1/cmr/bx/n/8 Irradiance: $\OML/cmm/m/it/8 E\OT1/cmr/m/n/8 (\OML/cmm/m/it/8 x\OT1/cmr/m/n/8 ) = \OML/cmm/m/it/8 d\OT1/cmr/m/n/8 ^^H(\OML/cmm/m/it/8 A\OT1/cmr/m/n/8 )\OML/cmm/m/it/8 =dA\OT1/cmr/m/n/8 (\OML/cmm/m/it/8 x\OT1/cmr/m/n/8 )$ flux per unit area
 []


Underfull \hbox (badness 10000) in paragraph at lines 775--781
\OT1/cmr/bx/n/8 Radiance: $\OML/cmm/m/it/8 L\OT1/cmr/m/n/8 (\OML/cmm/m/it/8 x; !\OT1/cmr/m/n/8 ) = \OML/cmm/m/it/8 dI\OT1/cmr/m/n/8 (\OML/cmm/m/it/8 !\OT1/cmr/m/n/8 )\OML/cmm/m/it/8 =dA\OT1/cmr/m/n/8 (\OML/cmm/m/it/8 x\OT1/cmr/m/n/8 ) =
 []


Underfull \hbox (badness 1874) in paragraph at lines 775--781
\OML/cmm/m/it/8 d[]\OT1/cmr/m/n/8 ^^H(\OML/cmm/m/it/8 A\OT1/cmr/m/n/8 )\OML/cmm/m/it/8 =\OT1/cmr/m/n/8 (\OML/cmm/m/it/8 d! dA\OT1/cmr/m/n/8 (\OML/cmm/m/it/8 x\OT1/cmr/m/n/8 ) [] \OML/cmm/m/it/8 ^^R\OT1/cmr/m/n/8 )$ flux per so-lid an-gle per perp.
 []


Overfull \hbox (15.91048pt too wide) in paragraph at lines 783--788
\OT1/cmr/bx/n/8 Reflection equa-ti-on: $[][] \OML/cmm/m/it/8 f[]\OT1/cmr/m/n/8 (\OML/cmm/m/it/8 x; ![]; ![]\OT1/cmr/m/n/8 )\OML/cmm/m/it/8 L[]\OT1/cmr/m/n/8 (\OML/cmm/m/it/8 x; ![]\OT1/cmr/m/n/8 ) [] \OML/cmm/m/it/8 ^^R[] d![] \OT1/cmr/m/n/8 = \OML/cmm/m/it/8 L[]\OT1/cmr/m/n/8 (\OML/cmm/m/it/8 x; ![]\OT1/cmr/m/n/8 )$. 
 []

<other-cheatsheet/phong-shading.png, id=151, 484.6908pt x 118.2819pt>
File: other-cheatsheet/phong-shading.png Graphic file (type png)
<use other-cheatsheet/phong-shading.png>
Package pdftex.def Info: other-cheatsheet/phong-shading.png  used on input line 809.
(pdftex.def)             Requested size: 134.15616pt x 32.73787pt.

Underfull \hbox (badness 10000) in paragraph at lines 808--811
[]\OT1/cmr/m/n/8 Linear in-ter-po-la-ti-on of ver-tex nor-mals, ba-ry-
 []


Underfull \hbox (badness 10000) in paragraph at lines 808--811
\OT1/cmr/m/n/8 cen-t-ric in-ter-po-la-ti-on of nor-mals on tri-angles.
 []

<other-cheatsheet/transparency.png, id=152, 546.1203pt x 280.1667pt>
File: other-cheatsheet/transparency.png Graphic file (type png)
<use other-cheatsheet/transparency.png>
Package pdftex.def Info: other-cheatsheet/transparency.png  used on input line 815.
(pdftex.def)             Requested size: 149.09395pt x 76.48819pt.

Overfull \hbox (4.61673pt too wide) in paragraph at lines 814--819
\OT1/cmr/m/n/8 cing spe-cu-lar term, with re-flec-ti-on from mi-cro fa-cets, self-shadowing... 
 []

[8 <./other-cheatsheet/change-coords.png> <./other-cheatsheet/perspective-projection.png> <./other-cheatsheet/phong-shading.png> <./other-cheatsheet/transparency.png>]
Overfull \hbox (1.486pt too wide) in paragraph at lines 829--831
\OT1/cmr/bx/n/8 Implicit \OT1/cmr/m/n/8 re-pr. ea-si-ly test in-si-de/outside, com-pact sto-ra-ge, but samp-
 []


Underfull \hbox (badness 1418) in paragraph at lines 840--841
\OT1/cmr/m/n/8 Tex-ture $(\OML/cmm/m/it/8 u; v\OT1/cmr/m/n/8 )$ coords to geom. $(\OML/cmm/m/it/8 x; y; z\OT1/cmr/m/n/8 )$ coords. Is-su-es:
 []


Underfull \hbox (badness 1286) in paragraph at lines 840--841
\OT1/cmr/m/n/8 ali-a-sing, level-of-detail, (e.g. sphe-re map-ping: $(\OML/cmm/m/it/8 u; v\OT1/cmr/m/n/8 ) \OMS/cmsy/m/n/8 !
 []


Overfull \hbox (8.5559pt too wide) in paragraph at lines 845--846
[]\OT1/cmr/m/n/8 Gaussian (low-pass, se-pa-ra-ble). Clo-ser pi-xels ha-ve hig-her weight 
 []


Underfull \hbox (badness 10000) in paragraph at lines 849--852

 []

<Screenshot 2026-01-31 at 15.58.28.png, id=164, 1074.0125pt x 312.16624pt>
File: Screenshot 2026-01-31 at 15.58.28.png Graphic file (type png)
<use Screenshot 2026-01-31 at 15.58.28.png>
Package pdftex.def Info: Screenshot 2026-01-31 at 15.58.28.png  used on input line 863.
(pdftex.def)             Requested size: 248.48741pt x 72.22066pt.
<other-cheatsheet/image.png, id=165, 631.60968pt x 170.13562pt>
File: other-cheatsheet/image.png Graphic file (type png)
<use other-cheatsheet/image.png>
Package pdftex.def Info: other-cheatsheet/image.png  used on input line 864.
(pdftex.def)             Requested size: 248.48741pt x 66.93413pt.
<other-cheatsheet/bresenham-line.png, id=166, 492.1587pt x 151.767pt>
File: other-cheatsheet/bresenham-line.png Graphic file (type png)
<use other-cheatsheet/bresenham-line.png>
Package pdftex.def Info: other-cheatsheet/bresenham-line.png  used on input line 868.
(pdftex.def)             Requested size: 149.09395pt x 45.97507pt.

Overfull \hbox (19.36545pt too wide) detected at line 887
\OML/cmm/m/it/8 b[]\OT1/cmr/m/n/8 (\OML/cmm/m/it/8 t\OT1/cmr/m/n/8 ) = (1 \OMS/cmsy/m/n/8 ^^@ \OML/cmm/m/it/8 t\OT1/cmr/m/n/8 )\OML/cmm/m/it/8 b[] \OT1/cmr/m/n/8 + \OML/cmm/m/it/8 tb[];  b[]\OT1/cmr/m/n/8 (\OML/cmm/m/it/8 t\OT1/cmr/m/n/8 ) = (1 \OMS/cmsy/m/n/8 ^^@ \OML/cmm/m/it/8 t\OT1/cmr/m/n/8 )\OML/cmm/m/it/8 b[] \OT1/cmr/m/n/8 + \OML/cmm/m/it/8 tb[];  b[]\OT1/cmr/m/n/8 (\OML/cmm/m/it/8 t\OT1/cmr/m/n/8 ) = (1 \OMS/cmsy/m/n/8 ^^@ \OML/cmm/m/it/8 t\OT1/cmr/m/n/8 )\OML/cmm/m/it/8 b[]\OT1/cmr/m/n/8 (\OML/cmm/m/it/8 t\OT1/cmr/m/n/8 ) + \OML/cmm/m/it/8 tb[]\OT1/cmr/m/n/8 (\OML/cmm/m/it/8 t\OT1/cmr/m/n/8 )
 []

[9 <./Screenshot 2026-01-31 at 15.58.28.png> <./other-cheatsheet/image.png (PNG copy)> <./other-cheatsheet/bresenham-line.png>]
Overfull \hbox (10.49783pt too wide) in paragraph at lines 908--910
\OT1/cmr/m/n/8 mes-hes using suc-ces-si-ve re-fi-ne-ment (sub-di-vi-si-on), con-ver-ging to smooth
 []


Overfull \hbox (4.35857pt too wide) in paragraph at lines 910--911
[]\OT1/cmr/bx/n/8 Interpolating \OT1/cmr/m/n/8 (new points are in-ter-po-la-ti-on of con-trol points)
 []


Overfull \hbox (7.8097pt too wide) in paragraph at lines 916--922
\OT1/cmr/bx/n/8 Planar sha-dows: \OT1/cmr/m/n/8 draw pro-jec-ti-on of obj. on ground. No self-shadows,
 []


Underfull \hbox (badness 10000) in paragraph at lines 916--922

 []


Overfull \hbox (1.05905pt too wide) in paragraph at lines 929--930
[]\OT1/cmr/bx/n/8 Ray-surface in-ter-sec-ti-ons: \OT1/cmr/m/n/8 Ray equa-ti-on $\OT1/cmr/bx/n/8 r\OT1/cmr/m/n/8 (\OML/cmm/m/it/8 t\OT1/cmr/m/n/8 ) = \OT1/cmr/bx/n/8 o \OT1/cmr/m/n/8 + \OML/cmm/m/it/8 t\OT1/cmr/bx/n/8 d$\OT1/cmr/m/n/8 . \OT1/cmr/bx/n/8 Sphe-
 []


Overfull \hbox (0.61847pt too wide) in paragraph at lines 933--936
[]\OT1/cmr/bx/n/8 Accelerate: \OT1/cmr/m/n/8 in-tro-du-ce uni-form grids or space par-ti-tio-ning trees. 
 []

<Screenshot 2026-01-28 at 13.22.38.png, id=176, 531.9875pt x 533.995pt>
File: Screenshot 2026-01-28 at 13.22.38.png Graphic file (type png)
<use Screenshot 2026-01-28 at 13.22.38.png>
Package pdftex.def Info: Screenshot 2026-01-28 at 13.22.38.png  used on input line 960.
(pdftex.def)             Requested size: 124.2437pt x 124.70662pt.
[10 <./Screenshot 2026-01-28 at 13.22.38.png>] (./visual_computing.aux)
 ***********
LaTeX2e <2025-11-01>
L3 programming layer <2026-01-19>
 ***********


LaTeX Font Warning: Size substitutions with differences
(Font)              up to 0.47998pt have occurred.

 ) 
Here is how much of TeX's memory you used:
 36732 strings out of 467533
 753465 string characters out of 5419495
 1360544 words of memory out of 5000000
 65015 multiletter control sequences out of 15000+600000
 636975 words of font info for 77 fonts, out of 8000000 for 9000
 1141 hyphenation exceptions out of 8191
 108i,19n,107p,832b,1150s stack positions out of 10000i,1000n,20000p,200000b,200000s
</usr/local/texlive/2025/texmf-dist/fonts/type1/public/amsfonts/cm/cmbx10.pfb></usr/local/texlive/2025/texmf-dist/fonts/type1/public/amsfonts/cm/cmbx12.pfb></usr/local/texlive/2025/texmf-dist/fonts/type1/public/amsfonts/cm/cmbx6.pfb></usr/local/texlive/2025/texmf-dist/fonts/type1/public/amsfonts/cm/cmbx8.pfb></usr/local/texlive/2025/texmf-dist/fonts/type1/public/amsfonts/cmextra/cmex7.pfb></usr/local/texlive/2025/texmf-dist/fonts/type1/public/amsfonts/cmextra/cmex8.pfb></usr/local/texlive/2025/texmf-dist/fonts/type1/public/amsfonts/cm/cmmi10.pfb></usr/local/texlive/2025/texmf-dist/fonts/type1/public/amsfonts/cm/cmmi5.pfb></usr/local/texlive/2025/texmf-dist/fonts/type1/public/amsfonts/cm/cmmi6.pfb></usr/local/texlive/2025/texmf-dist/fonts/type1/public/amsfonts/cm/cmmi7.pfb></usr/local/texlive/2025/texmf-dist/fonts/type1/public/amsfonts/cm/cmmi8.pfb></usr/local/texlive/2025/texmf-dist/fonts/type1/public/amsfonts/cm/cmr5.pfb></usr/local/texlive/2025/texmf-dist/fonts/type1/public/amsfonts/cm/cmr6.pfb></usr/local/texlive/2025/texmf-dist/fonts/type1/public/amsfonts/cm/cmr8.pfb></usr/local/texlive/2025/texmf-dist/fonts/type1/public/amsfonts/cm/cmsy5.pfb></usr/local/texlive/2025/texmf-dist/fonts/type1/public/amsfonts/cm/cmsy6.pfb></usr/local/texlive/2025/texmf-dist/fonts/type1/public/amsfonts/cm/cmsy8.pfb></usr/local/texlive/2025/texmf-dist/fonts/type1/public/amsfonts/symbols/msbm10.pfb></usr/local/texlive/2025/texmf-dist/fonts/type1/public/amsfonts/symbols/msbm7.pfb></usr/local/texlive/2025/texmf-dist/fonts/type1/public/cm-super/sfrm0800.pfb></usr/local/texlive/2025/texmf-dist/fonts/type1/public/wasy-type1/wasy8.pfb>
Output written on visual_computing.pdf (10 pages, 2383819 bytes).
PDF statistics:
 424 PDF objects out of 1000 (max. 8388607)
 310 compressed objects within 4 object streams
 58 named destinations out of 1000 (max. 500000)
 599 words of extra memory for PDF output out of 10000 (max. 10000000)

